{"dream_id":12345678,"birthdate_day":2,"birthdate_month":6,"birthdate_year":1910,"nationality":"USA","zip_code":"77619-3255","city":"Groves TX","state":"TX","main_postal_country":"USA","stop_mailing_flag":1,"stop_emailing_flag":0,"stop_home_phone_flag":1,"stop_mobile_phone_flag":1,"stop_call_flag":1,"stop_sms_mms_flag":1,"can_email":1,"can_mail":0,"can_call":0,"can_sms":0,"attached_channel":"UEC","first_transaction_date_hist":"2018-12-20","last_transaction_date_hist":"2018-12-20","turnover_hist_euro":1782.260000000000000,"turnover_hist_dollar":2110.880000000000000,"number_of_products_hist":1,"number_of_transactions_hist":1,"typology_code":2,"typology":"Client","iaca_sf_code":"005i0000008Mw1KAAS","iaca_name":"Colton Rush","iaca_rms_code":"A037","iaca_store_name":"XY HOUSTON NEIMAN MARCUS","iaca_store_retail_code":"UNH","client_complaint":"NO","segmentation":"NOVICES","main_postal_country_label":"USA","nationality_label":"US American","attached_channel_name":"CLIENT SERVICE USA","gender_label":"Female","client_sf_id":"001i000002CIBpnAAH","turnover_histyuan":13911.540000000000000,"turnover_histyen":232761.650000000000000,"turnover_histeuro_wo_tx":1646.430000000000000,"turnover_histdollar_wo_tx":1950.000000000000000,"turnover_histyuan_wo_tx":12851.270000000000000,"turnover_histyen_wo_tx":215021.800000000000000,"civility_id":3701,"civility_label":"Madame","channel_visited_id":1,"channel_visited_label":"Call Center Clients only","email_domain":"hotmail","id_ww_vendeur":"LVM047242","isvalid_mainpostal_adr":1,"isvalid_email":1,"isvalid_pmobile_phone":1,"isvalid_phome_phone":1,"isvalid_birthd":1,"has_active_icon_lic":1,"cust_initiales":"ST","cust_arrival_date":"2011-08-16","cust_segmentation_id":2,"sub_segment_label":"NOVICES BABY","client_profile_label":"CORE","id_subsegment":"6","id_client_profile_label":"3","truncated_zip_code":"776","source_file_name":"OneClient_Contact_20190101_090800_008.psv"}
{"dream_id":12345679,"birthdate_day":1,"birthdate_month":3,"birthdate_year":1920,"nationality":"USA","zip_code":"37421-1097","city":"Chattanooga TN","state":"TN","main_postal_country":"USA","stop_mailing_flag":1,"stop_emailing_flag":1,"stop_home_phone_flag":1,"stop_mobile_phone_flag":1,"stop_call_flag":1,"stop_sms_mms_flag":1,"can_email":0,"can_mail":0,"can_call":0,"can_sms":0,"attached_channel":"UEC","first_transaction_date_hist":"2011-10-06","last_transaction_date_hist":"2011-10-06","turnover_hist_euro":637.150000000000000,"turnover_hist_dollar":874.000000000000000,"number_of_products_hist":1,"number_of_transactions_hist":1,"typology_code":2,"typology":"Client","iaca_sf_code":"005i0000007UUZPAA4","client_complaint":"NO","segmentation":"SLEEPERS","main_postal_country_label":"USA","nationality_label":"US American","attached_channel_name":"CLIENT SERVICE USA","gender_label":"Female","client_sf_id":"0010H00002Wx4AjQAJ","turnover_histyuan":5568.720000000000000,"turnover_histyen":66982.200000000000000,"turnover_histeuro_wo_tx":583.200000000000000,"turnover_histdollar_wo_tx":800.000000000000000,"turnover_histyuan_wo_tx":5097.220000000000000,"turnover_histyen_wo_tx":61310.930000000000000,"civility_id":3702,"civility_label":"Mademoiselle","channel_visited_id":1,"channel_visited_label":"Call Center Clients only","email_domain":"hotmail","isvalid_mainpostal_adr":1,"isvalid_email":1,"isvalid_pmobile_phone":1,"isvalid_phome_phone":0,"isvalid_birthd":1,"has_active_icon_lic":0,"cust_initiales":"MCY","cust_arrival_date":"2011-09-15","cust_segmentation_id":1,"sub_segment_label":"SLEEPERS NOVICES","client_profile_label":"SLEEPERS","id_subsegment":"1","id_client_profile_label":"4","truncated_zip_code":"374","source_file_name":"OneClient_Contact_20190101_090800_008.psv"}
{"dream_id":12345670,"birthdate_day":24,"birthdate_month":11,"birthdate_year":1912,"nationality":"USA","zip_code":"39046-4900","city":"Canton MS","state":"MS","main_postal_country":"USA","stop_mailing_flag":1,"stop_emailing_flag":0,"stop_home_phone_flag":1,"stop_mobile_phone_flag":1,"stop_call_flag":1,"stop_sms_mms_flag":1,"can_email":1,"can_mail":0,"can_call":0,"can_sms":0,"attached_channel":"UCE","first_transaction_date_hist":"2011-09-22","last_transaction_date_hist":"2011-09-22","turnover_hist_euro":916.900000000000000,"turnover_hist_dollar":1290.000000000000000,"number_of_products_hist":2,"number_of_transactions_hist":1,"typology_code":2,"typology":"Client","iaca_sf_code":"005i0000007UUZPAA4","client_complaint":"NO","segmentation":"SLEEPERS","main_postal_country_label":"USA","nationality_label":"US American","attached_channel_name":"XY LAS VEGAS CAESAR'S FORUM","gender_label":"Female","client_sf_id":"0010H00002WyzBxQAJ","turnover_histyuan":8381.930000000000000,"turnover_histyen":103881.970000000000000,"turnover_histeuro_wo_tx":916.900000000000000,"turnover_histdollar_wo_tx":1290.000000000000000,"turnover_histyuan_wo_tx":8381.930000000000000,"turnover_histyen_wo_tx":103881.970000000000000,"civility_id":3701,"civility_label":"Madame","channel_visited_id":1,"channel_visited_label":"Call Center Clients only","email_domain":"gmail","isvalid_mainpostal_adr":1,"isvalid_email":1,"isvalid_pmobile_phone":1,"isvalid_phome_phone":1,"isvalid_birthd":1,"has_active_icon_lic":0,"cust_initiales":"ND","cust_arrival_date":"2011-09-23","cust_segmentation_id":1,"sub_segment_label":"SLEEPERS EMERGING","client_profile_label":"SLEEPERS","id_subsegment":"2","id_client_profile_label":"4","truncated_zip_code":"390","source_file_name":"OneClient_Contact_20190101_090800_008.psv"}
